{
  "metadata": {
    "hash": "a5e744d0164540d33b1d7ea616c28f2fa97e754a"
  }
}