{"metadata":{"text":"The quick brown fox\njumped over the 5\nlazy dogs!\n\nThe quick brown fox\njumped over the 5\nlazy dogs!\n\nThe quick brown fox\njumped over the 5\nlazy dogs!\n\nThe quick brown fox\njumped over the 5\nlazy dogs!\n\nThe quick brown fox\njumped over the 5\nlazy dogs!\n\nThe quick brown fox\njumped over the 5\nlazy dogs!\n\nThe quick brown fox\njumped over the 5\nlazy dogs!\n\nThe quick brown fox\njumped over the 5\nlazy dogs!\n\nThe quick brown fox\njumped over the 5\nlazy dogs!\n\nThe quick brown fox\njumped over the 5\nlazy dogs!\n\nThe quick brown fox\njumped over the 5\nlazy dogs!\n\nThe quick brown fox\njumped over the\nlazy dogs!\n\n"}}