{
  "data": {
    "html": "<h1 class=\"title\"><b>Matthieu BACCONNIER            22 ans\n</b>144 rue du Dauphiné</h1>\n<p>69003 Lyon</p>\n<h1 class=\"title\">Tel: +33 6 69 34 70 15</h1>\n<h1 class=\"title\">E-mail: matthieu@bacconnier.fr</h1>\n<h1 class=\"title\">Permis B\nNationalité Française</h1>\n<h1 class=\"title\">Formation</h1>\n<table><tbody><tr>\t<td><p><b>2012</b></p>\n</td>\t<td><p><b>Filière Ingénieur Entreprendre</b> à <b>l’INSA de Lyon </b>: cours de management de projet et mission de création d’entreprise (1 semestre)</p>\n</td></tr>\n<tr>\t<td><p><b>2009-2012</b></p>\n</td>\t<td><p>Département <b>Informatique</b> à <b>l’INSA de Lyon </b>: cours de gestion d’équipes et de projet, architecture logicielle</p>\n</td></tr>\n<tr>\t<td><p><b>2008-2009</b></p>\n</td>\t<td><p>Classes préparatoires intégrées à l’<b>INSA Lyon</b></p>\n</td></tr>\n<tr>\t<td><p><b>2007</b></p>\n</td>\t<td><p>Baccalauréat scientifique au <b>Lycée la Martinière</b> <b>Monplaisir</b>, mention Bien, spécialité Mathématiques</p>\n</td></tr>\n</tbody></table>\n<p/>\n<h1 class=\"title\">Expérience</h1>\n<table><tbody><tr>\t<td><p><b>2011-…</b></p>\n</td>\t<td><p><b>Création de la SARL eDevoir </b>: initiateur du projet, responsable technique. Travail avec une équipe de marketing<b> </b></p>\n</td></tr>\n<tr>\t<td><p><b>2010-…</b></p>\n</td>\t<td><p><b>Création d’une autoentreprise</b> : activité de prestataire informatique Web</p>\n</td></tr>\n<tr>\t<td><p><b>2011 (8 mois)</b></p>\n</td>\t<td><p><b>Réalisation du jeu flash Icosien</b> : jeu téléchargé par plus d’un million de personnes</p>\n</td></tr>\n<tr>\t<td><p><b>2011 (4 mois)</b></p>\n</td>\t<td><p><b>Chef de Projet Agiir Network</b> : responsable d’une équipe de cinq personnes ; développement d’un portail Web à destination des entreprises</p>\n</td></tr>\n<tr>\t<td><p><b>2009 (4 mois)</b></p>\n</td>\t<td><p><b>Prestataire externe pour Keolis</b> : réalisation d’un simulateur de sécurité à l’intention des chauffeurs de bus de la ville de Lyon</p>\n</td></tr>\n<tr>\t<td><p><b>2010 (2 mois)</b></p>\n</td>\t<td><p><b>Évaluation d’algorithme au laboratoire Liris CNRS </b>:<b> </b>développement d'un outil graphique de comparaison d'algorithmes appliqués à la reconnaissance d'objets dans une image</p>\n</td></tr>\n</tbody></table>\n<h1 class=\"title\"/>\n<h1 class=\"title\">Compétences</h1>\n<h2 class=\"subtitle\">Langues</h2>\n<table><tbody><tr>\t<td><p><b>Français</b></p>\n</td>\t<td><p>Langue maternelle</p>\n</td></tr>\n<tr>\t<td><p><b>Anglais</b></p>\n</td>\t<td><p>Bilingue, TOEIC : 980/990</p>\n</td></tr>\n<tr>\t<td><p><b>Allemand</b></p>\n</td>\t<td><p><a name=\"_GoBack\"/>Notions</p>\n</td></tr>\n</tbody></table>\n<h2 class=\"subtitle\">Informatique</h2>\n<table><tbody><tr>\t<td><p><b>Web</b></p>\n</td>\t<td><p>PHP (natif et Zend Framework), Python (natif et Django), MySQL (MyISAM, innoDB, optimisation des bases et des requêtes), xHTML, HTML5, CSS(3), Javascript</p>\n</td></tr>\n<tr>\t<td><p><b>Langages</b></p>\n</td>\t<td><p>C, C++, Python, PHP, AS3, Java, Android</p>\n</td></tr>\n<tr>\t<td><p><b>Bureautique</b></p>\n</td>\t<td><p>Linux, LaTeX, Office</p>\n</td></tr>\n</tbody></table>\n<p/>\n<h1 class=\"title\">Activités et loisirs</h1>\n<table><tbody><tr>\t<td><p><b>Escalade</b></p>\n</td>\t<td><p>Pratique bi-hebdomadaire depuis 4 ans.</p>\n</td></tr>\n<tr>\t<td><p><b>Lecture</b></p>\n</td>\t<td><p>Lecture régulière d’hebdomadaires scientifiques, veille informatique régulière</p>\n</td></tr>\n<tr>\t<td><p><b>Culture</b></p>\n</td>\t<td><p>Administrateur et créateur du site <a href=\"http://omnilogie.fr\">http://omnilogie.fr</a>, 1 200VU / jour.</p>\n</td></tr>\n</tbody></table>\n<p/>\n",
    "content_type": "application/vnd.openxmlformats-officedocument.wordprocessingml.document"
  },
  "metadata": {
    "text": "Matthieu BACCONNIER 22 ans\n144 rue du Dauphiné\n69003 Lyon\nTel: +33 6 69 34 70 15\nE-mail: matthieu@bacconnier.fr\nPermis B\nNationalité Française\nFormation\n2012\nFilière Ingénieur Entreprendre à l’INSA de Lyon : cours de management de projet et mission de création d’entreprise (1 semestre)\n2009-2012\nDépartement Informatique à l’INSA de Lyon : cours de gestion d’équipes et de projet, architecture logicielle\n2008-2009\nClasses préparatoires intégrées à l’INSA Lyon\n2007\nBaccalauréat scientifique au Lycée la Martinière Monplaisir, mention Bien, spécialité Mathématiques\nExpérience\n2011-…\nCréation de la SARL eDevoir : initiateur du projet, responsable technique. Travail avec une équipe de marketing 2010-…\nCréation d’une autoentreprise : activité de prestataire informatique Web\n2011 (8 mois)\nRéalisation du jeu flash Icosien : jeu téléchargé par plus d’un million de personnes\n2011 (4 mois)\nChef de Projet Agiir Network : responsable d’une équipe de cinq personnes ; développement d’un portail Web à destination des entreprises\n2009 (4 mois)\nPrestataire externe pour Keolis : réalisation d’un simulateur de sécurité à l’intention des chauffeurs de bus de la ville de Lyon\n2010 (2 mois)\nÉvaluation d’algorithme au laboratoire Liris CNRS : développement d'un outil graphique de comparaison d'algorithmes appliqués à la reconnaissance d'objets dans une image\nCompétences\nLangues\nFrançais\nLangue maternelle\nAnglais\nBilingue, TOEIC : 980/990\nAllemand\nNotions\nInformatique\nWeb\nPHP (natif et Zend Framework), Python (natif et Django), MySQL (MyISAM, innoDB, optimisation des bases et des requêtes), xHTML, HTML5, CSS(3), Javascript\nLangages\nC, C++, Python, PHP, AS3, Java, Android\nBureautique\nLinux, LaTeX, Office\nActivités et loisirs\nEscalade\nPratique bi-hebdomadaire depuis 4 ans.\nLecture\nLecture régulière d’hebdomadaires scientifiques, veille informatique régulière\nCulture\nAdministrateur et créateur du site http://omnilogie.fr, 1 200VU / jour.\n"
  },
  "document_type": "document"
}
