{
  "data": {
    "html": "Salut !<br/>\n----- forwarded message ------<br/>\nDe : buathi_q@epitech.eu...."
  },
  "metadata": {
    "text": "Salut !"
  }
}