{"document_type":"image","metadatas":{"content-type":"image/"},"datas":{"thumb":"data:image/png;base64,iVBORw0KGgoAAAANSUhEUgAAAV4AAAAWCAQAAAAiXjwkAAAAAmJLR0QAAKqNIzIAAAAJcEhZcwAACxMAAAsTAQCanBgAAAtmSURBVGje7dp5dFXluQbw38lMDCBTmGSWMUACRpDJGRkcuNcWh6qgCF5BsauK1nq9VVgq2jrPtFakq2qL94JXxRFxosqgQkHAAI0BAQlTICQMSc7Z9w82h4TBC4W1kLXy/HHOPjvf9+7nfb7ne/f37exIEKhGNU5IJBxvAtWoxr+KavNW44RFtXmrccKi2rzVOGFRbd5qnLD4CZu33FYHPgoJbFV+jK9UZtu/0KtiP34HRilVepTMYjYrFP3RNtuUHWM9Dpdb0Y8wiyoSO8KIRzq2SXu+NpmkVASBdKM0POrUilRocFQRFvujJ6Tsd7bcnW7Q/SjZRU2xXCICCepY42GJRxhjhYc96aT473le82iVKFMw5qh4zvS4+n6n0Y9k8l8u0/co9TgSxKyVKdU2t7pHy0O0+t54j6pzRJHL/caoIxjbsPIma+FUyyzTVisJ8TlTEc6tIH5EVEV4LiamAjEV8RoUqBDDVM+KVapM0Xibykd7W8f2ixlgl/WCShH3INGlmsb7BohWYRbEj6OCsF9lfnvR2Kli3tFcG8k2xKOpEnFfToGoQBD+JYqGhkqppM1OhVU0Y6ttVMksWimfIPy1N2JQSY+9NpnuAo9pEI+6V6e93yQYomXISKj4vjjR+PjFKqmwvx5VGe1lU1n5aCV9So3zLaLWqxCL860atdz6OOO9scpVqAhV2NMjth+HQrv2c1ss1P5gCCtvbVdjA642xVgZrtfDVK9LM0IPk8xW3y919L5X7TTY1eb4mxSphppsnXbGaCLfn+Rp4EYf+dpSt8sFH5qizL+5wkyvKtXPCBUmqGOR5gZ5w1rDXOQLU6X6p/OMFEHEWpMs1cpN4RyPmaelrZ5R12L9tPXfuFUXn/mzYj2NUtNMU6RqrLExlvijNbobXakOJBqEOfKMkGKm14231EDX4XWvC1zm4nBmb/G0RbIUGWeLt92JhwxSzxxn22ay+WoYJSIi8J7/daOuobEWGGujy1xqlhkCdY3wgsWauUmqF9xqlikewHSjPaymbzRwu6bgr2b42smu9KKZ0l3rVI+40mkmibpREgJfqi/qBXep4Tnt5ZqgvoXaOdc0m4x0vg+9I2KVwa6xzDM26+tGqWF+k3ylkdEae8x1WtvoCTdI9pylWrlZI/dKt8ItcrHEbLfqZbRyU6zUzDiZvvaiQmcYpVYllRebZIMsN9vqXjvF7HKXOXo4006PGOB0UOw587W3SYJyL5kp3XBn+96TVumsyN3qHWDeKmveGF71kTF6edwCzzvfMDUtMtVVhki22DMGu97rPrPFO7INk6Srf5dnih0m2O1XBkiVpbffaAt2ekobo2UKJDlTf9N8LOYTxcb4zn3O1d+zttjkDR2M9Ka3JWC3x+12uzRPhquhmK9std27mrreq14zXEPPCiTqY5B3vWeVR5zpMp9aZquJWrhNgT8fkHxMIAinSDtXe0Wev/uLX7jMixaHrV6UZ6waZthhs0UCgUW22O5Luz1psdEul4LdJnvMAJ3iV8hzviGe9w+F3tXL5SYpcIs0EyVa4hufmGO+2bZKNtt6N9rklbD3WbL9zCBvmeZaZ5hol85+5zkznB3WncACm5RYoALfWqfMLOXGWOj3LtTH00oVekN3w/zVLC+JGqttvOq9YJGbNXAfiryP2fLV9mhc+R1m+8GYcDSba22k4VIUqzBavuk2eVAnv7LI1CoVPdDdEF97WVO3uVMjZdo4yWsC/zDXKWHLl803RgOrJZkRZvugFZ6ywy1KzbT70JV3Lyp8pMgMuyxVrIv3dTBUPaf4H5118ZnV5kq0zkKt5LpCkvfNUGGN2gps8FC4Xq6jiZwwaorTzLfdhcp8a4ZEq63S28mukWWhVS620TTFAj1cJUW+z10qoshs7U23zndKKlXOmHZ+Id1UA5wt2SN2WW6aBKutkqGeayVbboUCC52s0HrbjT3E/jSms8sl+JsNvlDoYzGrLJONMvOMcpZOPhRDhEqfxRYYH67SZvlcvqf0qxR3sCGY5yup+hhqh0Xu0FsrN9itrQ+tM9JsyfpIkuFqp1tpQdi/qUxtNfS5iwxS5lPfus5XJpis8wFZROKWaWCYVmYrN8j3ZigR088VEiw1R3cvm+qcsH2ZL41ytizDbXSxl1zuAxcojytfoERNw/UM49dysixtbVbHNTpZaI0VlmhstUJzjaxk3gJviimwUpocbyrwe40NMMMyb+utcajTF65yrlzvifoizPYzc+SZIFtDXzrYWwxJ+wuQponu6CtbrqU+dLeXPOsb0zygpzq6SpPjNEukSVJusoGuNMkSyQKlCETCmrYHicbJM9f97jDd3Tr7pSgSpSIiNbwFBNihTIoSaeGNIV1rHeSoJb0K02RJIhLifTd51W16ulNUinJlkpUgSYYOMmVrKqJC5KAbsxSJiAikaSBHolxnhIqkKMFOu5GoQlSZ7eHmNkGS4rhV28g0U/dKm7gSgaid0gTSRCRIUoIdSJXrHl1c5A67jBXEs9mn3B4V05SiTLkUhdZpYqVYlYmYIKZcVLEIEqVQSRsoVS5VqXRXyrXAczIMQCTUaadAgp7+YKq1zqmkfG3pEtSowikIr5oSqpakpo7qyq6ygdthiqEu8YiNmOMZ43RDK109r8B9cdelhhx2iUiNZ5smSWnIHcolxafoQcyb6OeesVaGDVr4QF0lUuR5T1M7pTnTB/K0tl6jMEyiTH+3w3RttNDNr52lyGCnmOEPBmqOXZ6XYJeIDDW87VNz9AqF2Pe5J9pC96tlpvsQqGeIuTKVW+uscI12IAKkquk9C3yipRyBuzT3mt5O1c83cm2zQz9P6mDwISLsGZZBPpevsbVaa4lkAz2vQJ41aGmLB8QsC01RyyAPWWC3rlK0NN6v/dZ/qhsO7vsm2m6Nvj4GNfT3hKXmyNFQlm1ayJakpmbhlulgGGi8qPUi2nlQB/e4S2sXVWLfSJIH1DHHBfspGoS6znO/ZF+Y6BXrpAvCSZxskEkKLNBOM2n6mOAqzXGJeTKVW6dblYgp6pjsfLnxszFZTrdEtiJRZ8QNlqSeTxR6Sy8/uFUtBf6kv+YuMdQgHePmHexZG6ySL8FAvxW1Hmf53kPOM0+RBMXGGxfW6tAt996770dMM+doYbktOjnNLsvVMlprG+RrY6QWuvvBapl6qaWujiKybFDuQh11drok36nvDB3ErNJRAyQos1yFEXppK1+m/jprKiJbukATbZCgm3yb9bLRcH3FZMiWI12ecj2cGhom0EVNJ+kiQVR7mQIn6aGTArUN1EkH3fwgUYZaBjjdbisk66OJjRprUmlgM3SRIFBbloiYjtrrosA6zfUMK2g7tX0nx/f6a6+lfO30ka2ONNmyNbBSij7qqulMPa2VKTPUs7uoqDHai8nUDp1kyJfreifJUNt5WqilZ7jF6ypDELZEmN8p2lgh01ipNhuurVNs1T68W03XTZZ2vtPEOTprJFGOVDHNtUSSbr5RJsdW1+uJlYoMdW5o3/bqWqmzG9RGQzX8XKNwbPYo30aCrjLilmytQEyO5HD8GuughxL/lKZv/DFritPkWCfiQp00VKyRLbbpqL40nxoWNy9tNLBSjt6yZWlthUw3aaaLJOu1tsHP1LBB50p3ACI/rVcip3nLi0cdZbe31FZkknEGHiNmJa5wv+zjK89BsNA4D4bPdA6NKb701PGmGscP3jbL04fxFHiuter6izom7r9I4CBnjisaxzd5R4NExaaLGOHcY8YsUU+1j5suh8bX+sv6f1s1O+hu/Xhhvo/9x2H9AyPRB4p0MOqgRv2JVd49D66OBWIixyjSPm7HNt6xYnU4ih07XY8N5+Cw30v4sbY/MfNWoxqHj5/wiznVqMaPo9q81ThhUW3eapyw+D9tQz2tZITBygAAACV0RVh0ZGF0ZTpjcmVhdGUAMjAxNC0wMS0yOVQxMDoyMDowMyswMDowMAz2kKQAAAAldEVYdGRhdGU6bW9kaWZ5ADIwMTQtMDEtMjlUMTA6MjA6MDMrMDA6MDB9qygYAAAARnRFWHRzb2Z0d2FyZQBJbWFnZU1hZ2ljayA2LjUuNy04IDIwMTItMDgtMTcgUTE2IGh0dHA6Ly93d3cuaW1hZ2VtYWdpY2sub3JnH0Bz0QAAABh0RVh0VGh1bWI6OkRvY3VtZW50OjpQYWdlcwAxp/+7LwAAABd0RVh0VGh1bWI6OkltYWdlOjpoZWlnaHQANTASUbz9AAAAF3RFWHRUaHVtYjo6SW1hZ2U6OldpZHRoADgwMOOxwOIAAAAZdEVYdFRodW1iOjpNaW1ldHlwZQBpbWFnZS9wbmc/slZOAAAAF3RFWHRUaHVtYjo6TVRpbWUAMTM5MDk5MDgwM+rSErwAAAATdEVYdFRodW1iOjpTaXplADUuNjlLaUIEFuPhAAAAP3RFWHRUaHVtYjo6VVJJAGZpbGU6Ly8vdG1wL2E2M2ZjNDdkNWNjOGVhMTA5MTAwNWY1ZDdjYWNkNTdmZWRjNjQ2NTY7OoZ/AAAAAElFTkSuQmCC","display":"data:image/jpeg;base64,/9j/4AAQSkZJRgABAQIAHAAcAAD//gATQ3JlYXRlZCB3aXRoIEdJTVD/2wBDAAYEBQYFBAYGBQYHBwYIChAKCgkJChQODwwQFxQYGBcUFhYaHSUfGhsjHBYWICwgIyYnKSopGR8tMC0oMCUoKSj/wAALCAAvAu4BAREA/8QAHAABAAIDAQEBAAAAAAAAAAAAAAUGAwQHAgEI/8QAPhAAAQMEAQMCBAQDBgMJAAAAAQIDBAAFBhEhBxIxE0EUIjJRCBVhcRYXQiMkUoGRoTNTdiU4Q2KjsbTw8f/aAAgBAQAAPwD9U0pSlKUpSlKUpSlKUpSlKUpSlKUpSlKUpSlKUpSlKUpSlKUpSlKUpSlKUpSlKUpSlKUpSlKUpSlKUpSlePVb/wCYj/WvqXEKOkrST9ga9UpSlKUpSlKUpSlYZkqPBiPSpr7UeMykrcddUEoQkckkngAfevUd9qTHafjOIdYdSFocQoKStJGwQR5BFZKxyH2o0d1+S4hphpJWtxaglKEgbJJPgAV5hyo86IzKhPtSIzyQtt1pQUhaTyCCOCD96zUpSlKUrypxCTpS0g/Ymvnqt/8AMR/rWC23CFdIok22XHlxiopDrDgWkkHRGxxsEEVtUpSlK1WrhCduD8BqXHXNYSlbsdLgLjaVfSVJ8gH23W1Wqq4wk3JFuVLjietsvJjFweopsHRUE+db43W1WtcrhDtcNyXc5bEOI3rvefcDaE7OhtR4GyQK2QQQCOQaUpSlKVqXS5QbTDVLukyNCip4U9IdS2gfuSdV9tdxhXaE3MtcyPNiOb7H47gcQrR0dKHB5BFbVKVqpuMJVyXbky45nobDyowcHqJbJ0FFPnW+N1tUpSlKUpSlKUpWrPuMK3Bgz5ceKH3UsNes4Eeo4r6UJ35UfYDmtqlK1Z1xhW8xxPlx4xkOhhn1nAj1HD4QnflR0eBzW1SlKUrVuFxhW5DKrhLjxUvOpYbLzgQFuK+lA35UfYea2qUpSlK/PPX7pZhtj6cXy+Wqypj3RLjSw+JDpIK3kBXBURyFH2962mLXYsSzr4LpbgqbjkcOOFy5C7g40zHS4PpKlqUO4jnWqtSerjUPEciuN+s8iBeLCpDcy294Ue5ZAbKVeClRPn96lMHyjLrvcGE5BijFut8houNy409MgJIGwFgAaJ/zqvWfqhk2RvyZmMYc3PsLEhTBeVcEIkK7VdqiGtfce5qx5tnUy132Lj2MWVd7yB5r4hTBeDLTDW9dzizvWz4rHiOfTLjNu9nyOyqs+Q26P8WYvrB1t5rnS0LA5Gxo8VE9Neo2TZ0xarhFxFEWyP7EmW7NAKSN/wDDRraxwBvj3qPvPVnIrEp2beMThx7Owr+2AuzSpbaN/UWfPHnW6tea9Q2rI1Zo9ktz96vF5R6kGGyQnuRoHvWo/SkA+a0E5JnL1kvyLviLVultW916K6zcUuNrWBrtKgAUq5J/yqK/D7fcxuuJ2MX21NKtKoZUi7OXD1n31d3HcgjY3zyT7Veeo+WsYTicq9SI7kn01IbbZQQCta1BKRs+Bs+ajMHyTLbrPS1kmKsWyI6yXWpUaemSjYI+VWgNE7/2NV3KOpeT2OdPWcThG1xFr2Xru03JcbSfrS0eTsDYG6ks06os2PCsbyW1W9y5RbzLYYQ0FdrgS4lR2kaO1Dt1r3PvUPO6rZFj90hxsswl+I3ctot3wkpMhbrvkNrAA7Sf34qXx3qBfDmkLHcyxpNlfuTTjsB1qWJCHewbUhWgNKA5qPldTcil5rkWM4ziSblLtLqE+suWGWihSAolSiOFbOgBvdauQZt/FvR7qBHm2921Xu2QJDE6C4ruLai2SCFe6SPBqQazVWM4HhFutdtdu9+uVuYTEhNqCNhLSSpa1H6Uj71I4nnd2fypvG8yx8WO6yGVPwy1JD7MhKfqAWAPmHkirVmrzMfDb69KjJlR24D63GFKKQ6kNqJSSORscbH3rnD/AFDbxHph0/n2rHy5GuxjRG4DLylKYQtoqCUEjayNADet18ldVcisd4i2/KsJeivXJKhbEw5SZBfcH/hq4ASdHZ+1TOL59enc0YxrMccTZZs1hciEtmUJDbwR9SSQBpQHNa2X9QMos13mNQcWgvQIyjp2Vdmo7r6R5U22eSPtW7P6qWxrpzbMqhRZEpVzUlmHBRr1HXySn0/twQdn9Kr9x6p5XYJ1iiZPhSIK7vPYiMutzg62lK1aV3EJ4WNg9vvzzVhyrPbozlDuOYZj5vl1jNJelqckBhiOFfSlSyD8xHOqkunuZuZOq5QLpbHLTfbY4luZCWsLCe4bStKh9SSPBq41Qs06WYbkkybeL1ZUSrktr5njIdTvtTpPCVAcAD2rnXQPpbht36a43f7jZUv3dQU8ZBkOglaXVdp0Fa47R7e1R3SDL8ptPTdaccxBV2hQJUtcmQ5KDPdt5aiGk6JWQD+nNdSn9ULc1gVmyODDkzXryUtwIDevVddVsdn24IOz+lado6g3+Jkdstec4umyouq/ShSmJYkNl3Ww2sgDtUfaukSpDUSK9IkLDbLKC4tZ8JSBsn/SuQs9V8lmWuRkVuwd5/E2wtSJRlJTIcQnf9oGtcp4+/ipP+aL/wDLjEsn/K2/Uvk6PDVH9Y6ZDq1J7grXOu3etCrJnWWuYxPxeM3ETIF5ujduUpS+30gpKj3jg78eOKh7Xd7Wx1bzJtduaiyYdtivyrkXlEut6UQCg/KkJAPI81EQOpGX5BHN0xXBVTLAVH0pEmalh19AOu5DZB2DrjmtPIb5CtHXm03a9uot0ZvFXXHi+oD0yX0kpP3PtxVw6fZddcwekz02M2/HDxDkyXCl+T/5w1r5U/qTUJ+Js9vRW/q1vRjn/wBdutF3qjkNpjQ7tfsMdhYm+pCRN+KSp5pCtBK3GgPlHP3qTzLqTcrTnkHGLDjxvMmdbfjWFokemN95T8xI0EaBPd+w1Xi7dRL/AA5FqsUXF0TMylsqkPwG5g9CK2FEBS3te/GuKz491FuNwF/tVzsBt2WWqKZQgLf725CNHtUhwDlO9AnXG6ruWdcDaMExe/22zCfIvCFOrih4pLKED5zvtOwCCPAq6MZ0JudWTH7dFbfam2xV0fkepr0W+AjQ1ztXHkVULb1Vyy+x7q7jeECai2TH4z7i5obSsNqIHZtO1KIHI9uOa6PgeTxsxxO332E2tpqUgktL+ptQJSpJ/YgiuQ9fXb9M6gYVa28dg3S1qlOLjsyJYSia4GtqQ4kghIT5BO91bLnl8nFWbBjGO4nGcyWZH+IVaYbqWo0QeVlSwNBPcTyBzzWxjvUC8XKZd7DcceRbcvhx/iWYTsnuYlI8AodA8b48cbqL/nTFcxdlca2OOZe7J+A/ISvTiZAPIJ1wgee7Xiuq29UlcFhc9ptqWpALrbaypKVa5AJA2P11VIhT4CuulygJtTabkixtPKuPrKKltl4gNdn0gA8781IdOcvcy/Enby7DRFWiRIY9JLneD6Syne9Dzqqm/wBXH2ejdqzk2ZK3JslDCoSHie0F1Te0q7eT8u9a96w3PqxkGOzILuV4VIh2m4rLMN2PJS88p0jaELbA+VSvGt1JWrqHf4+XWuz5jiv5MzdypECQ3LD+1gb7FgAdqtfvWC8dS78OoV8xHHMVF0mwG2HUOqlBpvtWjuUXCR8uiQBre+fFZYHVpDOO5LJySzv2y84+2HJlvCw53JVwlSFcbSSdbrdwfL8uvc6Eq74ixCtExBU3Mj3BD5b+UqHekAa3wPfk1f5chqJFekyFhthlCnHFnwlIGyf9K4+nqxksu1u5Fa8Gek4k2SoSlS0pkONJPLiWtcjjfmrNN6jMNXHDXI8dD1hyPaG5xcILTpTtCSnWufHnzUhkGYOQM8x/F4ENEqTcEuPyFlzt+GYQPr1o7JPAHHiq7N6i5Dc7tcY+CYoL1BtzqmJEx+WI6FuJ+pLewe4jx+9eLz1dZi9L1ZdCtTrjzMxEGTb3l9jjLvqBC0HQPI3x9+KtOEXvJL05Jev2Oos8ApSuIoyg464DvfegD5DrXufNUrrtesltWRYEjGo5eD9z7VN/GFhMhfae1lev6SNnZ2NgcVE9aLteUYZhdyyOzpiXJjJ4rioMR8SCoJKyAlWhskDx+tWe2dRL/Gy21WjMcV/J493UpuDJblpf2sDfY4APlJH71mvvUC9PZLPsmDY1+eP23SZsh6UI7LSyNhsKIO1a8ip3p5mCctgTPiILttutvfMadCdO1Mua2OfcEcg1V+vH/H6ef9VQ/wD2XUnnmYZJY7sItkx6DLjhsLMqdc24iFk7+VAVySPf96+Y9ntwyvBpV1xizNv3yLIMR63SJSW0pcSod49UAgjtOwfeqy51OzeHmlnxu44ZbkzZ6gpSI91DymWt/M4oBHAA351urxjeYOXHOcixi4Q0RJdtDb0dSXCoSY6xw4Nga0eCOeaYTmDmVXzImI0NCLVa5IiNSw4SZDgHz6GtAA8ea2eoeXx8LsAnvR3Zcl51MeLEZ+t91X0pH/3wK4z1QyfJ5/8ABsDLMV/J1PZDBfYeZlCQ2QlfKVEAdqvmHFdHyrP7ozlrmM4Zj/55dYzKX5inJAYZjpV9IKyD8x86rzYuqkR3HshmZHAes9xx8f8AaEJagsjY+UoP9QV4Bqt3nq3l1kxd/I7pgK2LOpv1I6/jQpwb+n1UAbQDvzzquxWmWZ9qhTFICDIZQ6Ug77e5IOt/51tUpXOfxDW+ZdOkl6h2yI/MluKY7GWGy4tWnkE6SOToAmucZ5gybb1Dut9vFgyG9We7IaWF2OQ4l6O4lASUqaSoFQIAIPtzUrhlqtECwZTMtnTvJXYstpht6Nd3Sp6ckKIIS24okdoJP6+BUbg1seR1Esr2CY5leP2pC1m7IuwU3HW32nSW0KUed68VHZnAjTZM5zHen2YWXMnFksSYQLcX1d8OLWlXYR7nYqU6iYNOGUWzJr/aLtfY7trZiXBuzSVNvsvoHKwlJBWkknipTplZLOi8XadYsQyy2uKtrsczL26va9kENpbWok7I3v8AT9as3Sa13aJ0EtltSy9AvItzzbaH0FtbTpK+0kHkckGuHy8cbc6bTLS30tvL+aIjKEq5yoxUkrH1ONubJWo/0pA966nebVfrDKwTMLXaH7obbaE26fb2x2vpQpCSVISfKgRojzVtseXSs0YukFjF79amDDcAkXVgR+5wjQQEkknyTvxxUF0HvMyDj1rw2645foE+2R1IclvxCmIvtV/S7vknfHHsauvUUtfwnMTJx93IYy+1LsBoAqWgnkgHyR515rj3Ty2SkdRba9g9hymwWBLToujd57kNL2n+zDaFKPIVrke1VaJjpYsN4td96a3W95w4qQVXWQyXI7hJUUuJdJ40CNJA8iri9YrsekfSSGLZNMuFd7e5KZ9BXewhJV3KWnW0gb5J8Vduqtumzcs6dPQ4kiQ1FvPqvrabKg0j01DuUR4G/c15z23TZPV3prMjRJDsSIueZDyGypDPcwAnvUOE7PA35qj2LKp+LdW+pTyMdud4tjsyOlxdsa9Z5pz0R27RsEpI3z7VnTY79eMS6q5NOs8qFMyKCWYdsKSp/wBNtlSUdyRz3K3481rZ1gk2dY+n97dtFxuLVrtbcSdboj6o8pIU2n5k6IJKSNFNbPTOy4+rO7ZNtGF5rDfjBz+/Xt1xDbHcgg6StR7t+OPvv2rr2esOycGyFiM0t1923SENtoSVKWotqAAA8kmuTSbJdVYH0Vji2zC/AuMBctv0Fd0dKWVBRcGvlAPB34q29SrdNl9RemsmLEkPx4k6SuQ622VJZSWdAqI4SCeOa+Zhbpr/AFu6fzmIkhyFGjXBL76GyW2iptISFK8DftvzXLGrEI11yGLlfTm6ZLk8qa8uJcHGvViKbUf7PbhOkADWxW/j+J5C10OweVFtL5vWO3JdxNseQW3HUh1zaQFeD2q2PvXrqZmlwyubg7CMWvNphN5DDW67dGfRUpwK4ShO9qGu4lX7Vk6i4Oi39SrvkF2sGQXuzXZDSguxyFpejuISElKm0KBUCACD7c1bOitqtdvl3yfZcVyO0IfabCnr06ouySnu0kIUolOt+fff6V0HCr1KyHGYV0n2qTZ5MgKK4UnfqNaURzsA8gb8e9Sk9JVBkJSCVFtQAHvxVD/D/b5lr6PY7DuUV+JLaacDjD7ZQtBLqzyk8jgitDodbJ1t6RKh3CFJiy/Wmn0XmihelOrKT2kb5BGq59/L+73boVgSV2uY5Osjq35FsK1RX3UKWsKSlXBSrRBFZMVsWOScpsqoOB56iZGltvetdH3UMR1JV9e1rIVr7Ac13/Ird+b2C523v9P4yM7H7/8AD3pKd/71xKy5TkuOdPThsjCby7eoENUJuUhoGCtCUkBwvb0Pl51Wpb7Nc7t+GjCHrLEVNmWuRHuQioOlPJadUSlP66Nb2U3+95xk2BOQsOv8C2wb2y/JfnRi2pKu0j6RshABO1nQ8VYFY3MuvVLqM09HkMQbpZI8NqWpshtSihaVdqvBI3yBUdh2aX3DcbgYxesFyGTcra0mI09bmA9GkJSNJV6m9J2AN7rR6n4A/wBQ+qNqE2LNhRxj6loloQVIjSg8FJSpX0kjZ+X3FXnpjkGQPKfx/MrRIjXa3jsE5phXwkxA8LQsDtB15T/+Vr/iIt866dIb3EtUR+ZMcLHpsMNla1aeQToDnwCaqGZZBkua4mvCWcLvMK6zUojTJchoCGykEdy0O70rxwKssayzIvXm1yBFkLt8fFjEMv0z6fqB8fL3eO7Q3rzqtbMUXfEOqgzGHZZ16tM63pgSmoDfqPsFCypKko/qB3XrBI11ynqbcc1uVml2a2i2i1w401PY+8kr71LWj+nnjR+9Ufpx09urnULJrbfIchuxW5iXFtjq2iltSJKtnsJ4PaD7eKmfwzY3fYMq+XHKYciNIjoZtEMSGlIPoMjynflJ2nkcEg1buhdum23Fr21cIkiK65e5zqEPNlBUhTm0qAPkH2Nevw826baulVtiXOJIhykPySpl9strAL6yCQeeQQadSbdNl9RumsmLEkPR4k6SuQ622VJZSWdAqI4SCeOajs7Zu+L9UYWbQLNMvVtdtxtkxiEnvfZAX3pWlH9XJ0a0bLLut5z6f1BnY9drbarZalwocN6Ofi5RUoKJ9IbI5AA/eqvHxXL4NyR1acgrev77xXIsSGdrTCICQhI1v1QOfv7ea/Q9vlJnQY8pDbzSXkBYQ82ULTseFJPIP6VzS3f95e7/APTTP/yDVXwu7ZDgtou2IKw69T7j8ZJchy2GgYjqXVlSVKd3pOt+OTUbGx+8j8NuIWxVpni4sXRhx2L8Ov1W0iUpRKk62ABzv7V0PrZbptx/gj4CJIk/D5LDfe9Fsr9NtPdtateEjfJPFeuqVumzcy6cvw4kh9mLdlOPrabKktJ9IjuUR9I37mqSjJJ2Mde8+lsWG4Xi3rYgIki3Nh19pXpfIQje1A/NvXjipKwRrtdrnmWb3fFJSos+G1Bi2R8JS/IZQfmK0ngE7PB+1VrGLW4M8sDvT3F8sxxhuUFXUXIKaiGPr5kJQpRBP21X6ByK3fm+P3O29/p/GRnY/f8A4e9JTv8A3ridkyfKMdwFvCXMGvci/RYxt7EhlkKhOJA7UuF3egNaJFT936dy2+gUPG2ld97tMZEmKtsbIktnvHb9+dpH7186KRLxfL9fc2yq2SbbcJaWoEWLJbKFtMtpBUQCAdKWd/5GudSMFiYpfLwxk2L5fdo8iY7JiTrDIdWlaFq7u1baFDtUN6371OXbGtdGH4mN4rfLcHr7GkiJMUp+Q4PUb7nSOSkaHIPjRNfoeuY9bolxC8Rvdutsu5t2W7JlyI8RHe8pvsUklKfc7IqM6iS5eZ2DCLhbbHeo4byeI67Hlw1NvNNoUoKcWgb7U/qeKmeqtumzcs6dPQ4kh9qLefVfW02VBpHpqHcojwN+5rmmWYMzY89yG43/ABzJr1a7tJ+LjybDIc72lKHzNraQoeD4V9q6L0QtVut8W8P2nG75ZGZTraiq8PKU9IISR3dqiSnXjnzWTrTbptwewUwIkiSI+SxH3vRbK/TbAXtateEjY5PFULLbQ3H6o5BMzPCLxlkWWGvyhcVkvssoCdFChsBB7udms3S52+YH04zmcnEZrU/85dch2mOwpWwpLaU9gA+ZsH3G+Aa8dI8gFnmOTb7iebSsrvLyRNuDtnUlpvZ0EJJV8rad/b9amPxDfmGLyrPnGPIQq4sd9rebJ16rbwIR+/avRA/Wug9LcZ/hLBrXa3OZYb9WUs+VvL+ZZP67P+1Q3Wqx3S52mzXOwxvjLhYrk1ckRN6L4SCFJH66JI/aqB1ByO/Z27iTNtwrIYUKJfIciW9OilCkFK/6UjZKANkq4HirBcnrt096oZDfRj90vdjyBthSl2xr1no7rSOztKN77SOd1BvYXf8APbN1DvEy3uWeTf2Y7MCFJOnO1g9yS5/hKiNa9q0OqOf3u69I7vaX8LvVvmiIG5z8toNxmwNBRbXv5yT4A+9deXepdixjExFtEq5GY5EhOhjf92QtA28rQPyp1z48+auFKUpSlKUpSlKUpSlKVWcYxNuw5Lk94RLW8q+SGn1NFHaGexHZoHfO/PtVmpSlKUpUPllnfvlldhQ7rLtMgqStEuLrvQQd+DwR9x71TbH0wkoyWDe8tyq4ZJKt5Kobb7KGWmVEa7uxHBV+tdKpSlKUpSsE6OJcGRGKu0PNqb7gN62NbqHwHG0Yhh9rsDUlUpEFr0g8pHYV8k71s681P0pSlKUpSlKUpSlKVTsWwj8my695HOusi53K4j0kKdQlCY7AUVJaSB5A358nVXGlKVWLJiTdqzjJMkTLW65ekRkKYKAA16KSkaO+d7+1WelKUpSlKUpSlKUpVFvWBSL7mcW7XjIJUmzw30So1m9BCWm3Up0FFY+ZXOzo/er1SlK1bpEM+2yoiZD0YvtKbDzKu1bexruSfYjyK5k50muN1fjNZbnF2vdojupdEBbDbKVlJ2nvUnlQ/eurISlCEpQAlKRoAeAK+0pSlKUpSlKUpSlKUpSlKUpSlKUpSlKUpSlKUpSlKUpSlKUpSlKUpSlKUpSlKUpSlKUpSlKUpSlKUpSlK//Z"},"identifier":"image-test"}