{
  "metadata":{
    "author": "Frédéric RUAUDEL",
    "description": "© 2010 Frédéric Ruaudel, All Rights Reserved",
    "keywords": "500px, Adulte, Blog FR, Fotografar2014, Homme, Personne, Xavier Bernard, iPhoto",
  },
}
