{
  "document_type":"document",
  "data":{
    "html":"<h1>Test document</h1>\n\n<blockquote><p>Citation</p></blockquote>\n\n<p>Normal text</p>"
  },
  "metadata":{
    "text":"Test document\n\nCitation\n\nNormal text"
  },
  "userAccess":[],
  "actions":{}
}
