{
  "document_type":"image",
  "metadatas":{
    "text":"Tesseract sample image. The quick brown fox jumps over the lazy dog.\n\n"
  },
  "datas":{},
  "actions": {}
}
