{
  "document_type":"document",
  "metadatas":{
  }
}
